Value
    { tagClass = Application
    , tagNumber = 5040
    , contents = Unresolved
        [ 0x81
        , 0x09
        ]
    }
