Constructed Universal 16
    ( fromListN 2
        [ Utf8String "Adam"
        , Constructed ContextSpecific 1
            ( fromListN 1 [ Integer 50 ] )
        ]
    )
