Constructed Universal 16
    ( fromListN 2
        [ Utf8String "Adam"
        , Constructed ContextSpecific 0
            ( fromListN 1 [ Integer 930 ] )
        ]
    )
